=== traces done: 2026-08-04T19:58:14+09:00
r0_alloc: exit 0
r0_nt: exit 0
r4_alloc: exit 0
r4_nt: exit 0
r8_alloc: exit 0
r8_nt: exit 0
r9_alloc: exit 0
r9_nt: exit 0
r12_alloc: exit 0
r12_nt: exit 0
r16_alloc: exit 0
r16_nt: exit 0
near_alloc: exit 0
clash_nt: exit 0
clash_alloc: exit 0
small_nt: exit 0
reuse_short_alloc: exit 0
reuse_short_nt: exit 0
reuse_long_alloc: exit 0
reuse_long_nt: exit 0
[PASS] V0  all runs completed (no deadlock/abort)
[PASS] V1  pure write + allocate: fetch-per-written-line ~= 1.0 (casRD analogue)
[PASS] V2  pure write + nt: read direction stays idle (fetch eliminated)
[PASS] V3  pure write: allocate ~= nt useful bandwidth (waste rides idle direction; gap ~0)
[PASS] V4  mixed rf: allocate read direction is the binding constraint (busy > 85%)
[PASS] V5  mixed rf: allocate loses substantially to nt (the 30%-class gap)
[PASS] V6  pure read: store policy is a no-op (within 3%)
[PASS] V7  conservation: far RD_LINES == rfo + demand + prefetch reads (<=1% + inflight)
[PASS] V8  conservation (exact): writes issued == completed + queued backlog
[PASS] V9  routing: first_touch keeps traffic on near DRAM; only_far keeps it on far
[PASS] V10 duplex coexists with refresh (refreshes issued on far channel)
[PASS] V11 clash trace (store hits in-flight load MSHR) survives under both policies
[PASS] V12 small footprint (< LLC): nt handles store-hit-after-reload without loss
    (short alloc/nt = 0.941, long alloc/nt = 0.618, short demand_rd: alloc=0 nt=1410801)
[PASS] V13 reuse-distance: long reuse punishes allocate (fetch cost); short reuse shows the cache-reuse mechanism
    (nt_bypass_retry = 221915379)
[PASS] V14 nt retry path exercised or clean (no lost lines even when far WQ fills)

15/15 checks passed
=== legacy verify done: 2026-08-04T20:28:08+09:00
[plan] measuring baseline (budget absent) ...
[plan] baseline: 7.242e+07 serviced lines/s, useful 3.09 GB/s
[plan] periods (ps): loose=1, bind=23015, bind2=46030, severe=276177
[run] off_alloc      rc=0
[run] loose_alloc    rc=0
[run] base_nt        rc=0
[run] bind_alloc     rc=0
[run] bind_nt        rc=0
[run] severe_alloc   rc=0
[run] bind2_alloc    rc=0
  PASS  T1  budget absent and budget=0 are the same run (the knob is inert when off)
          cycles=116968297 identical, no grants emitted
  PASS  T2  every serviced line consumes exactly one slot (tx_grants == RD+WR lines)
          loose_alloc inflight=2 bind_alloc inflight=1 bind2_alloc inflight=0 severe_alloc inflight=0 bind_nt inflight=1
  PASS  T3  a budget that can never defer a grant does not perturb the run
          useful 3.08 vs 3.09 GB/s (0.33%), stalled time 0.004% of run
  PASS  T4  the budget is an actual ceiling: measured rate <= 1/period
          bind_alloc 96.90% of cap bind2_alloc 99.52% of cap severe_alloc 99.97% of cap bind_nt 96.90% of cap
  PASS  T5  halving the budget halves the transaction rate (rate tracks the budget, not the buses)
          rate 4.210e+07 -> 2.162e+07 (x1.95)
  PASS  T6  a binding budget caps throughput while BOTH byte directions stay unsaturated
          rd 56.1% wr 28.1% busy, 62496211 stalls -- the hardware signature
  PASS  T7  a shared budget starves neither direction (mix preserved vs unconstrained)
          wr/rd 0.500 -> 0.500
  PASS  T8  a severe budget degrades gracefully: completes, no livelock, throughput collapses
          useful 0.15 GB/s (base 3.09), IPC 0.0006, completed
  PASS  T9  under a binding budget, useful bandwidth is set by transactions per useful line
          tx/useful 1.500 (alloc) vs 1.000 (NT) predicts 1.500x; measured 1.500x (0.00% off). Unconstrained the ratio is 2.06x instead, set by read-direction contention.

[CXLTX] 9/9 corner cases pass
run                 IPC  period_ps         tx/s      lines/s   rd_busy   wr_busy useful_GBs
base_alloc       0.0128          0    0.000e+00    7.242e+07     96.6%     48.3%       3.09
off_alloc        0.0128          0    0.000e+00    7.242e+07     96.6%     48.3%       3.09
loose_alloc      0.0128          1    7.218e+07    7.218e+07     96.2%     48.1%       3.08
bind_alloc       0.0075      23015    4.210e+07    4.210e+07     56.1%     28.1%       1.80
bind2_alloc      0.0038      46030    2.162e+07    2.162e+07     28.8%     14.4%       0.92
severe_alloc     0.0006     276177    3.620e+06    3.620e+06      4.8%      2.4%       0.15
base_nt          0.0264          0    0.000e+00    9.932e+07     99.3%     99.3%       6.36
bind_nt          0.0112      23015    4.210e+07    4.210e+07     42.1%     42.1%       2.69
EQUIV_DONE 2026-08-04T21:36:53+09:00
